../Core/Src/main.c:92:5:_write	24	static
../Core/Src/main.c:104:5:main	8	static
../Core/Src/main.c:227:6:SystemClock_Config	88	static
../Core/Src/main.c:278:13:MX_TIM2_Init	80	static
../Core/Src/main.c:350:13:MX_TIM9_Init	56	static
../Core/Src/main.c:402:13:MX_USART6_UART_Init	8	static
../Core/Src/main.c:435:13:MX_DMA_Init	16	static
../Core/Src/main.c:453:13:MX_GPIO_Init	48	static
../Core/Src/main.c:483:6:HAL_GPIO_EXTI_Callback	16	static
../Core/Src/main.c:497:6:HAL_TIM_OC_DelayElapsedCallback	16	static
../Core/Src/main.c:506:6:HAL_TIM_IC_CaptureCallback	16	static
../Core/Src/main.c:535:6:Error_Handler	8	static
